<html>
<body>
<pre>
<h1>µVision Build Log</h1>
<h2>Tool Versions:</h2>
IDE-Version: ¦ÌVision V5.33.0.0
Copyright (C) 2020 ARM Ltd and ARM Germany GmbH. All rights reserved.
License Information: 1 1, 1, LIC=KRMW3-AATYH-RAZDM-XBC7N-FU8XB-V74E6
 
Tool Versions:
Toolchain:       MDK-ARM Plus  Version: 5.33.0.0
Toolchain Path:  C:\Keil_v5\ARM\ARMCC\Bin
C Compiler:      Armcc.exe V5.06 update 7 (build 960)
Assembler:       Armasm.exe V5.06 update 7 (build 960)
Linker/Locator:  ArmLink.exe V5.06 update 7 (build 960)
Library Manager: ArmAr.exe V5.06 update 7 (build 960)
Hex Converter:   FromElf.exe V5.06 update 7 (build 960)
CPU DLL:         SARMCM3.DLL V5.33.0.0
Dialog DLL:      DARMCM1.DLL V1.19.4.0
Target DLL:      Segger\JL2CM3.dll V2.99.38.0
Dialog DLL:      TARMCM1.DLL V1.14.3.0
 
<h2>Project:</h2>
c:\Users\Administrator\Desktop\PD_TEST_S5\proj_keil\PD_TEST_S5.uvprojx
Project File Date:  08/02/2022

<h2>Output:</h2>
*** Using Compiler 'V5.06 update 7 (build 960)', folder: 'C:\Keil_v5\ARM\ARMCC\Bin'
Build target 'Target 1'
creating preprocessor file for list.c...
creating preprocessor file for sys.c...
creating preprocessor file for can_drv.c...
creating preprocessor file for gpio.c...
creating preprocessor file for uart_process.c...
creating preprocessor file for system_NUC230_240.c...
creating preprocessor file for clk.c...
creating preprocessor file for main.c...
creating preprocessor file for retarget.c...
creating preprocessor file for bsp.c...
creating preprocessor file for timer.c...
creating preprocessor file for uart.c...
creating preprocessor file for pwm.c...
creating preprocessor file for pdma.c...
creating preprocessor file for scuart.c...
creating preprocessor file for wdt.c...
creating preprocessor file for spi.c...
creating preprocessor file for adc.c...
creating preprocessor file for can.c...
compiling main.c...
..\src\main.c(74): warning:  #177-D: variable "heapbuf"  was declared but never referenced
  static uint8_t heapbuf[10*1024];
..\src\main.c: 1 warning, 0 errors
linking...
Program Size: Code=13100 RO-data=476 RW-data=196 ZI-data=13404  
FromELF: creating hex file...
After Build - User command #1: fromelf --bin ".\Objects\PD_TEST_S5.axf" --output ".\Objects\PD_TEST_S5.bin"
After Build - User command #2: fromelf --text -c ".\Objects\PD_TEST_S5.axf" --output ".\Objects\PD_TEST_S5.txt"
".\Objects\PD_TEST_S5.axf" - 0 Error(s), 1 Warning(s).

<h2>Software Packages used:</h2>

Package Vendor: Nuvoton
                https://www.nuvoton.com/enu/Documents/KEILSoftwarePack/Nuvoton.NuMicro_DFP.1.3.12.pack
                Nuvoton.NuMicro_DFP.1.3.12
                Nuvoton ARM Cortex-M NuMicro Family Device Support

<h2>Collection of Component include folders:</h2>
  C:\Users\Administrator\AppData\Local\Arm\Packs\Nuvoton\NuMicro_DFP\1.3.12\Device\NUC230_240\Include

<h2>Collection of Component Files used:</h2>
Build Time Elapsed:  00:00:02
</pre>
</body>
</html>
